2026-08-27 19:31:42,496 - database - INFO - ✅ Таблицы созданы
2026-08-27 19:31:42,497 - database - INFO - ✅ База данных подключена: storm_cases.db
2026-08-27 19:31:42,505 - __main__ - INFO - 🤖 Запуск STORM CASES бота...
2026-08-27 19:31:42,507 - config - INFO - ✅ Конфигурация корректна
2026-08-27 19:31:42,510 - __main__ - INFO - 🌐 API сервер запущен на http://0.0.0.0:8080
2026-08-27 19:31:42,780 - aiogram.dispatcher - INFO - Start polling
2026-08-27 19:31:42,851 - aiogram.dispatcher - INFO - Run polling for bot @StormCases_Bot id=8907615374 - 'Storm Cases'
2026-08-27 19:33:41,221 - database - ERROR - ❌ Ошибка добавления пользователя: table users has no column named last_name
2026-08-27 19:33:41,225 - aiogram.event - INFO - Update id=290976496 is not handled. Duration 7 ms by bot id=8907615374
2026-08-27 19:33:41,226 - aiogram.event - ERROR - Cause exception while process update id=290976496 by bot id=8907615374
AttributeError: 'Database' object has no attribute 'is_banned'
Traceback (most recent call last):
  File "E:\Users\Артем\CascadeProjects\PythonProjectTMA\.venv\Lib\site-packages\aiogram\dispatcher\dispatcher.py", line 321, in _process_update
    response = await self.feed_update(bot, update, **kwargs)
               ^^^^^^^^^^^^^^^^^^^^^^^^^^^^^^^^^^^^^^^^^^^^^
  File "E:\Users\Артем\CascadeProjects\PythonProjectTMA\.venv\Lib\site-packages\aiogram\dispatcher\dispatcher.py", line 164, in feed_update
    response = await self.update.wrap_outer_middleware(
               ^^^^^^^^^^^^^^^^^^^^^^^^^^^^^^^^^^^^^^^^
    ...<8 lines>...
    )
    ^
  File "E:\Users\Артем\CascadeProjects\PythonProjectTMA\.venv\Lib\site-packages\aiogram\dispatcher\middlewares\error.py", line 27, in __call__
    return await handler(event, data)
           ^^^^^^^^^^^^^^^^^^^^^^^^^^
  File "E:\Users\Артем\CascadeProjects\PythonProjectTMA\.venv\Lib\site-packages\aiogram\dispatcher\middlewares\user_context.py", line 58, in __call__
    return await handler(event, data)
           ^^^^^^^^^^^^^^^^^^^^^^^^^^
  File "E:\Users\Артем\CascadeProjects\PythonProjectTMA\.venv\Lib\site-packages\aiogram\fsm\middleware.py", line 43, in __call__
    return await handler(event, data)
           ^^^^^^^^^^^^^^^^^^^^^^^^^^
  File "E:\Users\Артем\CascadeProjects\PythonProjectTMA\.venv\Lib\site-packages\aiogram\dispatcher\event\telegram.py", line 126, in trigger
    return await wrapped_inner(event, kwargs)
           ^^^^^^^^^^^^^^^^^^^^^^^^^^^^^^^^^^
  File "E:\Users\Артем\CascadeProjects\PythonProjectTMA\.venv\Lib\site-packages\aiogram\dispatcher\event\handler.py", line 71, in call
    return await wrapped()
           ^^^^^^^^^^^^^^^
  File "E:\Users\Артем\CascadeProjects\PythonProjectTMA\.venv\Lib\site-packages\aiogram\dispatcher\dispatcher.py", line 284, in _listen_update
    return await self.propagate_event(update_type=update_type, event=event, **kwargs)
           ^^^^^^^^^^^^^^^^^^^^^^^^^^^^^^^^^^^^^^^^^^^^^^^^^^^^^^^^^^^^^^^^^^^^^^^^^^
  File "E:\Users\Артем\CascadeProjects\PythonProjectTMA\.venv\Lib\site-packages\aiogram\dispatcher\router.py", line 172, in propagate_event
    return await observer.wrap_outer_middleware(_wrapped, event=event, data=kwargs)
           ^^^^^^^^^^^^^^^^^^^^^^^^^^^^^^^^^^^^^^^^^^^^^^^^^^^^^^^^^^^^^^^^^^^^^^^^
  File "E:\Users\Артем\CascadeProjects\PythonProjectTMA\.venv\Lib\site-packages\aiogram\dispatcher\router.py", line 164, in _wrapped
    return await self._propagate_event(
           ^^^^^^^^^^^^^^^^^^^^^^^^^^^^
    ...<4 lines>...
    )
    ^
  File "E:\Users\Артем\CascadeProjects\PythonProjectTMA\.venv\Lib\site-packages\aiogram\dispatcher\router.py", line 192, in _propagate_event
    response = await observer.trigger(event, **kwargs)
               ^^^^^^^^^^^^^^^^^^^^^^^^^^^^^^^^^^^^^^^
  File "E:\Users\Артем\CascadeProjects\PythonProjectTMA\.venv\Lib\site-packages\aiogram\dispatcher\event\telegram.py", line 126, in trigger
    return await wrapped_inner(event, kwargs)
           ^^^^^^^^^^^^^^^^^^^^^^^^^^^^^^^^^^
  File "E:\Users\Артем\CascadeProjects\PythonProjectTMA\.venv\Lib\site-packages\aiogram\dispatcher\event\handler.py", line 71, in call
    return await wrapped()
           ^^^^^^^^^^^^^^^
  File "E:\Users\Артем\CascadeProjects\PythonProjectTMA\Bot.py", line 360, in cmd_start
    if db.is_banned(user_id):
       ^^^^^^^^^^^^
AttributeError: 'Database' object has no attribute 'is_banned'
2026-08-27 19:33:45,984 - database - ERROR - ❌ Ошибка добавления пользователя: table users has no column named last_name
2026-08-27 19:33:45,986 - aiogram.event - INFO - Update id=290976497 is not handled. Duration 2 ms by bot id=8907615374
2026-08-27 19:33:45,986 - aiogram.event - ERROR - Cause exception while process update id=290976497 by bot id=8907615374
AttributeError: 'Database' object has no attribute 'is_banned'
Traceback (most recent call last):
  File "E:\Users\Артем\CascadeProjects\PythonProjectTMA\.venv\Lib\site-packages\aiogram\dispatcher\dispatcher.py", line 321, in _process_update
    response = await self.feed_update(bot, update, **kwargs)
               ^^^^^^^^^^^^^^^^^^^^^^^^^^^^^^^^^^^^^^^^^^^^^
  File "E:\Users\Артем\CascadeProjects\PythonProjectTMA\.venv\Lib\site-packages\aiogram\dispatcher\dispatcher.py", line 164, in feed_update
    response = await self.update.wrap_outer_middleware(
               ^^^^^^^^^^^^^^^^^^^^^^^^^^^^^^^^^^^^^^^^
    ...<8 lines>...
    )
    ^
  File "E:\Users\Артем\CascadeProjects\PythonProjectTMA\.venv\Lib\site-packages\aiogram\dispatcher\middlewares\error.py", line 27, in __call__
    return await handler(event, data)
           ^^^^^^^^^^^^^^^^^^^^^^^^^^
  File "E:\Users\Артем\CascadeProjects\PythonProjectTMA\.venv\Lib\site-packages\aiogram\dispatcher\middlewares\user_context.py", line 58, in __call__
    return await handler(event, data)
           ^^^^^^^^^^^^^^^^^^^^^^^^^^
  File "E:\Users\Артем\CascadeProjects\PythonProjectTMA\.venv\Lib\site-packages\aiogram\fsm\middleware.py", line 43, in __call__
    return await handler(event, data)
           ^^^^^^^^^^^^^^^^^^^^^^^^^^
  File "E:\Users\Артем\CascadeProjects\PythonProjectTMA\.venv\Lib\site-packages\aiogram\dispatcher\event\telegram.py", line 126, in trigger
    return await wrapped_inner(event, kwargs)
           ^^^^^^^^^^^^^^^^^^^^^^^^^^^^^^^^^^
  File "E:\Users\Артем\CascadeProjects\PythonProjectTMA\.venv\Lib\site-packages\aiogram\dispatcher\event\handler.py", line 71, in call
    return await wrapped()
           ^^^^^^^^^^^^^^^
  File "E:\Users\Артем\CascadeProjects\PythonProjectTMA\.venv\Lib\site-packages\aiogram\dispatcher\dispatcher.py", line 284, in _listen_update
    return await self.propagate_event(update_type=update_type, event=event, **kwargs)
           ^^^^^^^^^^^^^^^^^^^^^^^^^^^^^^^^^^^^^^^^^^^^^^^^^^^^^^^^^^^^^^^^^^^^^^^^^^
  File "E:\Users\Артем\CascadeProjects\PythonProjectTMA\.venv\Lib\site-packages\aiogram\dispatcher\router.py", line 172, in propagate_event
    return await observer.wrap_outer_middleware(_wrapped, event=event, data=kwargs)
           ^^^^^^^^^^^^^^^^^^^^^^^^^^^^^^^^^^^^^^^^^^^^^^^^^^^^^^^^^^^^^^^^^^^^^^^^
  File "E:\Users\Артем\CascadeProjects\PythonProjectTMA\.venv\Lib\site-packages\aiogram\dispatcher\router.py", line 164, in _wrapped
    return await self._propagate_event(
           ^^^^^^^^^^^^^^^^^^^^^^^^^^^^
    ...<4 lines>...
    )
    ^
  File "E:\Users\Артем\CascadeProjects\PythonProjectTMA\.venv\Lib\site-packages\aiogram\dispatcher\router.py", line 192, in _propagate_event
    response = await observer.trigger(event, **kwargs)
               ^^^^^^^^^^^^^^^^^^^^^^^^^^^^^^^^^^^^^^^
  File "E:\Users\Артем\CascadeProjects\PythonProjectTMA\.venv\Lib\site-packages\aiogram\dispatcher\event\telegram.py", line 126, in trigger
    return await wrapped_inner(event, kwargs)
           ^^^^^^^^^^^^^^^^^^^^^^^^^^^^^^^^^^
  File "E:\Users\Артем\CascadeProjects\PythonProjectTMA\.venv\Lib\site-packages\aiogram\dispatcher\event\handler.py", line 71, in call
    return await wrapped()
           ^^^^^^^^^^^^^^^
  File "E:\Users\Артем\CascadeProjects\PythonProjectTMA\Bot.py", line 360, in cmd_start
    if db.is_banned(user_id):
       ^^^^^^^^^^^^
AttributeError: 'Database' object has no attribute 'is_banned'
2026-08-27 19:34:32,171 - aiogram.dispatcher - INFO - Polling stopped
2026-08-27 19:34:32,173 - aiogram.dispatcher - ERROR - Failed to fetch updates - TelegramNetworkError: HTTP Client says - ServerDisconnectedError: Server disconnected
2026-08-27 19:34:32,173 - aiogram.dispatcher - WARNING - Sleep for 1.000000 seconds and try again... (tryings = 0, bot id = 8907615374)
2026-08-27 19:34:32,436 - aiogram.dispatcher - INFO - Polling stopped for bot @StormCases_Bot id=8907615374 - 'Storm Cases'
2026-08-27 19:34:32,438 - __main__ - INFO - 👋 Бот остановлен
2026-08-27 19:36:01,925 - database - INFO - ✅ Таблицы созданы
2026-08-27 19:36:01,926 - database - ERROR - ❌ Ошибка получения пользователя: name 'user_id' is not defined
2026-08-27 19:36:01,927 - database - INFO - ✅ База данных подключена: storm_cases.db
2026-08-27 19:36:01,929 - __main__ - INFO - 🤖 Запуск STORM CASES бота...
2026-08-27 19:36:01,930 - config - INFO - ✅ Конфигурация корректна
2026-08-27 19:36:01,937 - __main__ - INFO - 🌐 API сервер запущен на http://0.0.0.0:8080
2026-08-27 19:36:02,187 - aiogram.dispatcher - INFO - Start polling
2026-08-27 19:36:02,246 - aiogram.dispatcher - INFO - Run polling for bot @StormCases_Bot id=8907615374 - 'Storm Cases'
2026-08-27 19:39:40,137 - aiogram.dispatcher - INFO - Polling stopped
2026-08-27 19:39:40,139 - aiogram.dispatcher - ERROR - Failed to fetch updates - TelegramNetworkError: HTTP Client says - ServerDisconnectedError: Server disconnected
2026-08-27 19:39:40,139 - aiogram.dispatcher - WARNING - Sleep for 1.000000 seconds and try again... (tryings = 0, bot id = 8907615374)
2026-08-27 19:39:40,396 - aiogram.dispatcher - INFO - Polling stopped for bot @StormCases_Bot id=8907615374 - 'Storm Cases'
2026-08-27 19:39:40,399 - __main__ - INFO - 👋 Бот остановлен
2026-08-27 19:39:51,739 - database - INFO - ✅ Таблицы созданы
2026-08-27 19:39:51,740 - database - ERROR - ❌ Ошибка получения пользователя: name 'user_id' is not defined
2026-08-27 19:39:51,741 - database - INFO - ✅ База данных подключена: storm_cases.db
2026-08-27 19:39:51,743 - __main__ - INFO - 🤖 Запуск STORM CASES бота...
2026-08-27 19:39:51,743 - config - INFO - ✅ Конфигурация корректна
2026-08-27 19:39:51,746 - __main__ - INFO - 🌐 API сервер запущен на http://0.0.0.0:8080
2026-08-27 19:39:51,952 - aiogram.dispatcher - INFO - Start polling
2026-08-27 19:39:52,021 - aiogram.dispatcher - INFO - Run polling for bot @StormCases_Bot id=8907615374 - 'Storm Cases'
2026-08-27 19:43:35,063 - aiogram.dispatcher - INFO - Polling stopped
2026-08-27 19:43:35,065 - aiogram.dispatcher - ERROR - Failed to fetch updates - TelegramNetworkError: HTTP Client says - ServerDisconnectedError: Server disconnected
2026-08-27 19:43:35,065 - aiogram.dispatcher - WARNING - Sleep for 1.000000 seconds and try again... (tryings = 0, bot id = 8907615374)
2026-08-27 19:43:35,326 - aiogram.dispatcher - INFO - Polling stopped for bot @StormCases_Bot id=8907615374 - 'Storm Cases'
2026-08-27 19:43:35,328 - __main__ - INFO - 👋 Бот остановлен
2026-08-27 19:43:45,838 - database - INFO - ✅ Таблицы созданы
2026-08-27 19:43:45,838 - database - INFO - ✅ База данных подключена: storm_cases.db
2026-08-27 19:43:45,841 - __main__ - INFO - 🤖 Запуск STORM CASES бота...
2026-08-27 19:43:45,842 - config - INFO - ✅ Конфигурация корректна
2026-08-27 19:43:45,847 - __main__ - INFO - 🌐 API сервер запущен на http://0.0.0.0:8080
2026-08-27 19:43:46,082 - aiogram.dispatcher - INFO - Start polling
2026-08-27 19:43:46,144 - aiogram.dispatcher - INFO - Run polling for bot @StormCases_Bot id=8907615374 - 'Storm Cases'
